Archive member included to satisfy reference by file (symbol)

D:/STM32CubeIDE_1.16.0/STM32CubeIDE/plugins/com.st.stm32cube.ide.mcu.externaltools.gnu-tools-for-stm32.12.3.rel1.win32_1.0.200.202406191623/tools/bin/../lib/gcc/arm-none-eabi/12.3.1/../../../../arm-none-eabi/lib/thumb/v7-m/nofp\libc_nano.a(libc_a-exit.o)
                              D:/STM32CubeIDE_1.16.0/STM32CubeIDE/plugins/com.st.stm32cube.ide.mcu.externaltools.gnu-tools-for-stm32.12.3.rel1.win32_1.0.200.202406191623/tools/bin/../lib/gcc/arm-none-eabi/12.3.1/../../../../arm-none-eabi/lib/thumb/v7-m/nofp/crt0.o (exit)
D:/STM32CubeIDE_1.16.0/STM32CubeIDE/plugins/com.st.stm32cube.ide.mcu.externaltools.gnu-tools-for-stm32.12.3.rel1.win32_1.0.200.202406191623/tools/bin/../lib/gcc/arm-none-eabi/12.3.1/../../../../arm-none-eabi/lib/thumb/v7-m/nofp\libc_nano.a(libc_a-findfp.o)
                              D:/STM32CubeIDE_1.16.0/STM32CubeIDE/plugins/com.st.stm32cube.ide.mcu.externaltools.gnu-tools-for-stm32.12.3.rel1.win32_1.0.200.202406191623/tools/bin/../lib/gcc/arm-none-eabi/12.3.1/../../../../arm-none-eabi/lib/thumb/v7-m/nofp\libc_nano.a(libc_a-exit.o) (__stdio_exit_handler)
D:/STM32CubeIDE_1.16.0/STM32CubeIDE/plugins/com.st.stm32cube.ide.mcu.externaltools.gnu-tools-for-stm32.12.3.rel1.win32_1.0.200.202406191623/tools/bin/../lib/gcc/arm-none-eabi/12.3.1/../../../../arm-none-eabi/lib/thumb/v7-m/nofp\libc_nano.a(libc_a-fwalk.o)
                              D:/STM32CubeIDE_1.16.0/STM32CubeIDE/plugins/com.st.stm32cube.ide.mcu.externaltools.gnu-tools-for-stm32.12.3.rel1.win32_1.0.200.202406191623/tools/bin/../lib/gcc/arm-none-eabi/12.3.1/../../../../arm-none-eabi/lib/thumb/v7-m/nofp\libc_nano.a(libc_a-findfp.o) (_fwalk_sglue)
D:/STM32CubeIDE_1.16.0/STM32CubeIDE/plugins/com.st.stm32cube.ide.mcu.externaltools.gnu-tools-for-stm32.12.3.rel1.win32_1.0.200.202406191623/tools/bin/../lib/gcc/arm-none-eabi/12.3.1/../../../../arm-none-eabi/lib/thumb/v7-m/nofp\libc_nano.a(libc_a-stdio.o)
                              D:/STM32CubeIDE_1.16.0/STM32CubeIDE/plugins/com.st.stm32cube.ide.mcu.externaltools.gnu-tools-for-stm32.12.3.rel1.win32_1.0.200.202406191623/tools/bin/../lib/gcc/arm-none-eabi/12.3.1/../../../../arm-none-eabi/lib/thumb/v7-m/nofp\libc_nano.a(libc_a-findfp.o) (__sread)
D:/STM32CubeIDE_1.16.0/STM32CubeIDE/plugins/com.st.stm32cube.ide.mcu.externaltools.gnu-tools-for-stm32.12.3.rel1.win32_1.0.200.202406191623/tools/bin/../lib/gcc/arm-none-eabi/12.3.1/../../../../arm-none-eabi/lib/thumb/v7-m/nofp\libc_nano.a(libc_a-memset.o)
                              D:/STM32CubeIDE_1.16.0/STM32CubeIDE/plugins/com.st.stm32cube.ide.mcu.externaltools.gnu-tools-for-stm32.12.3.rel1.win32_1.0.200.202406191623/tools/bin/../lib/gcc/arm-none-eabi/12.3.1/../../../../arm-none-eabi/lib/thumb/v7-m/nofp/crt0.o (memset)
D:/STM32CubeIDE_1.16.0/STM32CubeIDE/plugins/com.st.stm32cube.ide.mcu.externaltools.gnu-tools-for-stm32.12.3.rel1.win32_1.0.200.202406191623/tools/bin/../lib/gcc/arm-none-eabi/12.3.1/../../../../arm-none-eabi/lib/thumb/v7-m/nofp\libc_nano.a(libc_a-closer.o)
                              D:/STM32CubeIDE_1.16.0/STM32CubeIDE/plugins/com.st.stm32cube.ide.mcu.externaltools.gnu-tools-for-stm32.12.3.rel1.win32_1.0.200.202406191623/tools/bin/../lib/gcc/arm-none-eabi/12.3.1/../../../../arm-none-eabi/lib/thumb/v7-m/nofp\libc_nano.a(libc_a-stdio.o) (_close_r)
D:/STM32CubeIDE_1.16.0/STM32CubeIDE/plugins/com.st.stm32cube.ide.mcu.externaltools.gnu-tools-for-stm32.12.3.rel1.win32_1.0.200.202406191623/tools/bin/../lib/gcc/arm-none-eabi/12.3.1/../../../../arm-none-eabi/lib/thumb/v7-m/nofp\libc_nano.a(libc_a-reent.o)
                              D:/STM32CubeIDE_1.16.0/STM32CubeIDE/plugins/com.st.stm32cube.ide.mcu.externaltools.gnu-tools-for-stm32.12.3.rel1.win32_1.0.200.202406191623/tools/bin/../lib/gcc/arm-none-eabi/12.3.1/../../../../arm-none-eabi/lib/thumb/v7-m/nofp\libc_nano.a(libc_a-closer.o) (errno)
D:/STM32CubeIDE_1.16.0/STM32CubeIDE/plugins/com.st.stm32cube.ide.mcu.externaltools.gnu-tools-for-stm32.12.3.rel1.win32_1.0.200.202406191623/tools/bin/../lib/gcc/arm-none-eabi/12.3.1/../../../../arm-none-eabi/lib/thumb/v7-m/nofp\libc_nano.a(libc_a-impure.o)
                              D:/STM32CubeIDE_1.16.0/STM32CubeIDE/plugins/com.st.stm32cube.ide.mcu.externaltools.gnu-tools-for-stm32.12.3.rel1.win32_1.0.200.202406191623/tools/bin/../lib/gcc/arm-none-eabi/12.3.1/../../../../arm-none-eabi/lib/thumb/v7-m/nofp\libc_nano.a(libc_a-reent.o) (_impure_ptr)
D:/STM32CubeIDE_1.16.0/STM32CubeIDE/plugins/com.st.stm32cube.ide.mcu.externaltools.gnu-tools-for-stm32.12.3.rel1.win32_1.0.200.202406191623/tools/bin/../lib/gcc/arm-none-eabi/12.3.1/../../../../arm-none-eabi/lib/thumb/v7-m/nofp\libc_nano.a(libc_a-lseekr.o)
[...]
Memory Configuration

Name             Origin             Length             Attributes
RAM              0x20000000         0x00005000         xrw
FLASH            0x08000000         0x00010000         xr
*default*        0x00000000         0xffffffff

Linker script and memory map

LOAD D:/STM32CubeIDE_1.16.0/STM32CubeIDE/plugins/com.st.stm32cube.ide.mcu.externaltools.gnu-tools-for-stm32.12.3.rel1.win32_1.0.200.202406191623/tools/bin/../lib/gcc/arm-none-eabi/12.3.1/thumb/v7-m/nofp/crti.o
LOAD D:/STM32CubeIDE_1.16.0/STM32CubeIDE/plugins/com.st.stm32cube.ide.mcu.externaltools.gnu-tools-for-stm32.12.3.rel1.win32_1.0.200.202406191623/tools/bin/../lib/gcc/arm-none-eabi/12.3.1/thumb/v7-m/nofp/crtbegin.o
LOAD D:/STM32CubeIDE_1.16.0/STM32CubeIDE/plugins/com.st.stm32cube.ide.mcu.externaltools.gnu-tools-for-stm32.12.3.rel1.win32_1.0.200.202406191623/tools/bin/../lib/gcc/arm-none-eabi/12.3.1/../../../../arm-none-eabi/lib/thumb/v7-m/nofp/crt0.o
LOAD ./Core/Src/freertos.o
LOAD ./Core/Src/main.o
LOAD ./Core/Src/stm32f1xx_hal_msp.o
LOAD ./Core/Src/stm32f1xx_hal_timebase_tim.o
LOAD ./Core/Src/stm32f1xx_it.o
LOAD ./Core/Src/syscalls.o
LOAD ./Core/Src/sysmem.o
LOAD ./Core/Src/system_stm32f1xx.o
LOAD ./Core/Startup/startup_stm32f103c8tx.o
LOAD ./Drivers/STM32F1xx_HAL_Driver/Src/stm32f1xx_hal.o
LOAD ./Drivers/STM32F1xx_HAL_Driver/Src/stm32f1xx_hal_cortex.o
LOAD ./Drivers/STM32F1xx_HAL_Driver/Src/stm32f1xx_hal_dma.o
LOAD ./Drivers/STM32F1xx_HAL_Driver/Src/stm32f1xx_hal_exti.o
LOAD ./Drivers/STM32F1xx_HAL_Driver/Src/stm32f1xx_hal_flash.o
LOAD ./Drivers/STM32F1xx_HAL_Driver/Src/stm32f1xx_hal_flash_ex.o
LOAD ./Drivers/STM32F1xx_HAL_Driver/Src/stm32f1xx_hal_gpio.o
LOAD ./Drivers/STM32F1xx_HAL_Driver/Src/stm32f1xx_hal_gpio_ex.o
LOAD ./Drivers/STM32F1xx_HAL_Driver/Src/stm32f1xx_hal_pwr.o
LOAD ./Drivers/STM32F1xx_HAL_Driver/Src/stm32f1xx_hal_rcc.o
LOAD ./Drivers/STM32F1xx_HAL_Driver/Src/stm32f1xx_hal_rcc_ex.o
LOAD ./Drivers/STM32F1xx_HAL_Driver/Src/stm32f1xx_hal_tim.o
LOAD ./Drivers/STM32F1xx_HAL_Driver/Src/stm32f1xx_hal_tim_ex.o
LOAD ./Middlewares/Third_Party/FreeRTOS/Source/CMSIS_RTOS_V2/cmsis_os2.o
LOAD ./Middlewares/Third_Party/FreeRTOS/Source/croutine.o
LOAD ./Middlewares/Third_Party/FreeRTOS/Source/event_groups.o
LOAD ./Middlewares/Third_Party/FreeRTOS/Source/list.o
LOAD ./Middlewares/Third_Party/FreeRTOS/Source/queue.o
LOAD ./Middlewares/Third_Party/FreeRTOS/Source/stream_buffer.o
LOAD ./Middlewares/Third_Party/FreeRTOS/Source/tasks.o
LOAD ./Middlewares/Third_Party/FreeRTOS/Source/timers.o
LOAD ./Middlewares/Third_Party/FreeRTOS/Source/portable/GCC/ARM_CM3/port.o
LOAD ./Middlewares/Third_Party/FreeRTOS/Source/portable/MemMang/heap_4.o
START GROUP
LOAD D:/STM32CubeIDE_1.16.0/STM32CubeIDE/plugins/com.st.stm32cube.ide.mcu.externaltools.gnu-tools-for-stm32.12.3.rel1.win32_1.0.200.202406191623/tools/bin/../lib/gcc/arm-none-eabi/12.3.1/../../../../arm-none-eabi/lib/thumb/v7-m/nofp\libc_nano.a
LOAD D:/STM32CubeIDE_1.16.0/STM32CubeIDE/plugins/com.st.stm32cube.ide.mcu.externaltools.gnu-tools-for-stm32.12.3.rel1.win32_1.0.200.202406191623/tools/bin/../lib/gcc/arm-none-eabi/12.3.1/../../../../arm-none-eabi/lib/thumb/v7-m/nofp\libm.a
END GROUP
START GROUP
LOAD D:/STM32CubeIDE_1.16.0/STM32CubeIDE/plugins/com.st.stm32cube.ide.mcu.externaltools.gnu-tools-for-stm32.12.3.rel1.win32_1.0.200.202406191623/tools/bin/../lib/gcc/arm-none-eabi/12.3.1/thumb/v7-m/nofp\libgcc.a
LOAD D:/STM32CubeIDE_1.16.0/STM32CubeIDE/plugins/com.st.stm32cube.ide.mcu.externaltools.gnu-tools-for-stm32.12.3.rel1.win32_1.0.200.202406191623/tools/bin/../lib/gcc/arm-none-eabi/12.3.1/../../../../arm-none-eabi/lib/thumb/v7-m/nofp\libc_nano.a
END GROUP
START GROUP
LOAD D:/STM32CubeIDE_1.16.0/STM32CubeIDE/plugins/com.st.stm32cube.ide.mcu.externaltools.gnu-tools-for-stm32.12.3.rel1.win32_1.0.200.202406191623/tools/bin/../lib/gcc/arm-none-eabi/12.3.1/thumb/v7-m/nofp\libgcc.a
LOAD D:/STM32CubeIDE_1.16.0/STM32CubeIDE/plugins/com.st.stm32cube.ide.mcu.externaltools.gnu-tools-for-stm32.12.3.rel1.win32_1.0.200.202406191623/tools/bin/../lib/gcc/arm-none-eabi/12.3.1/../../../../arm-none-eabi/lib/thumb/v7-m/nofp\libc_nano.a
LOAD D:/STM32CubeIDE_1.16.0/STM32CubeIDE/plugins/com.st.stm32cube.ide.mcu.externaltools.gnu-tools-for-stm32.12.3.rel1.win32_1.0.200.202406191623/tools/bin/../lib/gcc/arm-none-eabi/12.3.1/../../../../arm-none-eabi/lib/thumb/v7-m/nofp\libnosys.a
END GROUP
START GROUP
LOAD D:/STM32CubeIDE_1.16.0/STM32CubeIDE/plugins/com.st.stm32cube.ide.mcu.externaltools.gnu-tools-for-stm32.12.3.rel1.win32_1.0.200.202406191623/tools/bin/../lib/gcc/arm-none-eabi/12.3.1/thumb/v7-m/nofp\libgcc.a
LOAD D:/STM32CubeIDE_1.16.0/STM32CubeIDE/plugins/com.st.stm32cube.ide.mcu.externaltools.gnu-tools-for-stm32.12.3.rel1.win32_1.0.200.202406191623/tools/bin/../lib/gcc/arm-none-eabi/12.3.1/../../../../arm-none-eabi/lib/thumb/v7-m/nofp\libc_nano.a
LOAD D:/STM32CubeIDE_1.16.0/STM32CubeIDE/plugins/com.st.stm32cube.ide.mcu.externaltools.gnu-tools-for-stm32.12.3.rel1.win32_1.0.200.202406191623/tools/bin/../lib/gcc/arm-none-eabi/12.3.1/../../../../arm-none-eabi/lib/thumb/v7-m/nofp\libnosys.a
END GROUP
LOAD D:/STM32CubeIDE_1.16.0/STM32CubeIDE/plugins/com.st.stm32cube.ide.mcu.externaltools.gnu-tools-for-stm32.12.3.rel1.win32_1.0.200.202406191623/tools/bin/../lib/gcc/arm-none-eabi/12.3.1/thumb/v7-m/nofp/crtend.o
LOAD D:/STM32CubeIDE_1.16.0/STM32CubeIDE/plugins/com.st.stm32cube.ide.mcu.externaltools.gnu-tools-for-stm32.12.3.rel1.win32_1.0.200.202406191623/tools/bin/../lib/gcc/arm-none-eabi/12.3.1/thumb/v7-m/nofp/crtn.o
                0x20005000                        _estack = (ORIGIN (RAM) + LENGTH (RAM))
                0x00000200                        _Min_Heap_Size = 0x200
                0x00000400                        _Min_Stack_Size = 0x400

.isr_vector     0x08000000      0x10c
                0x08000000                        . = ALIGN (0x4)
 *(.isr_vector)
 .isr_vector    0x08000000      0x10c ./Core/Startup/startup_stm32f103c8tx.o
                0x08000000                g_pfnVectors
                0x0800010c                        . = ALIGN (0x4)

.text           0x08000110     0x4ee4
                0x08000110                        . = ALIGN (0x4)
 *(.text)
 .text          0x08000110       0x40 D:/STM32CubeIDE_1.16.0/STM32CubeIDE/plugins/com.st.stm32cube.ide.mcu.externaltools.gnu-tools-for-stm32.12.3.rel1.win32_1.0.200.202406191623/tools/bin/../lib/gcc/arm-none-eabi/12.3.1/thumb/v7-m/nofp/crtbegin.o
 *(.text*)
 .text.main     0x08000150       0xd4 ./Core/Src/main.o
                0x08000150                main
 .text.SystemClock_Config
                0x08000224       0x76 ./Core/Src/main.o
                0x08000224                SystemClock_Config
 *fill*         0x0800029a        0x2 
 .text.MX_GPIO_Init
                0x0800029c       0xc0 ./Core/Src/main.o
 .text.StartDefaultTask
                0x0800035c       0x10 ./Core/Src/main.o
                0x0800035c                StartDefaultTask
 .text.RedLed   0x0800036c       0x70 ./Core/Src/main.o
                0x0800036c                RedLed
 .text.GreenLed
                0x080003dc       0x6c ./Core/Src/main.o
                0x080003dc                GreenLed
 .text.AccessSharedData
                0x08000448       0x48 ./Core/Src/main.o
                0x08000448                AccessSharedData
 .text.OrangeLed
                0x08000490       0x20 ./Core/Src/main.o
                0x08000490                OrangeLed
 .text.HAL_TIM_PeriodElapsedCallback
                0x080004b0       0x24 ./Core/Src/main.o
                0x080004b0                HAL_TIM_PeriodElapsedCallback
 .text.Error_Handler
                0x080004d4        0xc ./Core/Src/main.o
                0x080004d4                Error_Handler
 .text.HAL_MspInit
                0x080004e0       0x70 ./Core/Src/stm32f1xx_hal_msp.o
                0x080004e0                HAL_MspInit
 .text.HAL_InitTick
                0x08000550       0xfc ./Core/Src/stm32f1xx_hal_timebase_tim.o
                0x08000550                HAL_InitTick
 .text.NMI_Handler
                0x0800064c        0x8 ./Core/Src/stm32f1xx_it.o
                0x0800064c                NMI_Handler
 .text.HardFault_Handler
                0x08000654        0x8 ./Core/Src/stm32f1xx_it.o
                0x08000654                HardFault_Handler
 .text.MemManage_Handler
                0x0800065c        0x8 ./Core/Src/stm32f1xx_it.o
                0x0800065c                MemManage_Handler
 .text.BusFault_Handler
                0x08000664        0x8 ./Core/Src/stm32f1xx_it.o
                0x08000664                BusFault_Handler
 .text.UsageFault_Handler
                0x0800066c        0x8 ./Core/Src/stm32f1xx_it.o
                0x0800066c                UsageFault_Handler
 .text.DebugMon_Handler
                0x08000674        0xc ./Core/Src/stm32f1xx_it.o
                0x08000674                DebugMon_Handler
 .text.TIM4_IRQHandler
                0x08000680       0x14 ./Core/Src/stm32f1xx_it.o
                0x08000680                TIM4_IRQHandler
 .text.SystemInit
                0x08000694        0xc ./Core/Src/system_stm32f1xx.o
                0x08000694                SystemInit
 .text.Reset_Handler
                0x080006a0       0x48 ./Core/Startup/startup_stm32f103c8tx.o
                0x080006a0                Reset_Handler
 .text.Default_Handler
                0x080006e8        0x2 ./Core/Startup/startup_stm32f103c8tx.o
                0x080006e8                RTC_Alarm_IRQHandler
                0x080006e8                EXTI2_IRQHandler
                0x080006e8                TIM1_CC_IRQHandler
                0x080006e8                PVD_IRQHandler
                0x080006e8                EXTI3_IRQHandler
                0x080006e8                EXTI0_IRQHandler
                0x080006e8                I2C2_EV_IRQHandler
                0x080006e8                ADC1_2_IRQHandler
                0x080006e8                SPI1_IRQHandler
                0x080006e8                TAMPER_IRQHandler
                0x080006e8                DMA1_Channel4_IRQHandler
                0x080006e8                USART3_IRQHandler
                0x080006e8                RTC_IRQHandler
                0x080006e8                DMA1_Channel7_IRQHandler
                0x080006e8                CAN1_RX1_IRQHandler
                0x080006e8                I2C1_EV_IRQHandler
                0x080006e8                DMA1_Channel6_IRQHandler
                0x080006e8                TIM3_IRQHandler
                0x080006e8                RCC_IRQHandler
                0x080006e8                TIM1_TRG_COM_IRQHandler
                0x080006e8                DMA1_Channel1_IRQHandler
                0x080006e8                Default_Handler
                0x080006e8                EXTI15_10_IRQHandler
                0x080006e8                EXTI9_5_IRQHandler
                0x080006e8                SPI2_IRQHandler
                0x080006e8                DMA1_Channel5_IRQHandler
                0x080006e8                EXTI4_IRQHandler
                0x080006e8                USB_LP_CAN1_RX0_IRQHandler
                0x080006e8                USB_HP_CAN1_TX_IRQHandler
                0x080006e8                DMA1_Channel3_IRQHandler
                0x080006e8                TIM1_UP_IRQHandler
                0x080006e8                WWDG_IRQHandler
                0x080006e8                TIM2_IRQHandler
                0x080006e8                TIM1_BRK_IRQHandler
                0x080006e8                EXTI1_IRQHandler
                0x080006e8                USART2_IRQHandler
                0x080006e8                I2C2_ER_IRQHandler
                0x080006e8                DMA1_Channel2_IRQHandler
                0x080006e8                CAN1_SCE_IRQHandler
                0x080006e8                FLASH_IRQHandler
                0x080006e8                USART1_IRQHandler
                0x080006e8                I2C1_ER_IRQHandler
                0x080006e8                USBWakeUp_IRQHandler
 *fill*         0x080006ea        0x2 
 .text.HAL_Init
                0x080006ec       0x2c ./Drivers/STM32F1xx_HAL_Driver/Src/stm32f1xx_hal.o
                0x080006ec                HAL_Init
 .text.HAL_IncTick
                0x08000718       0x24 ./Drivers/STM32F1xx_HAL_Driver/Src/stm32f1xx_hal.o
                0x08000718                HAL_IncTick
 .text.HAL_GetTick
                0x0800073c       0x14 ./Drivers/STM32F1xx_HAL_Driver/Src/stm32f1xx_hal.o
                0x0800073c                HAL_GetTick
 .text.HAL_Delay
                0x08000750       0x48 ./Drivers/STM32F1xx_HAL_Driver/Src/stm32f1xx_hal.o
                0x08000750                HAL_Delay
 .text.__NVIC_SetPriorityGrouping
                0x08000798       0x48 ./Drivers/STM32F1xx_HAL_Driver/Src/stm32f1xx_hal_cortex.o
 .text.__NVIC_GetPriorityGrouping
                0x080007e0       0x1c ./Drivers/STM32F1xx_HAL_Driver/Src/stm32f1xx_hal_cortex.o
 .text.__NVIC_EnableIRQ
                0x080007fc       0x38 ./Drivers/STM32F1xx_HAL_Driver/Src/stm32f1xx_hal_cortex.o
 .text.__NVIC_SetPriority
                0x08000834       0x54 ./Drivers/STM32F1xx_HAL_Driver/Src/stm32f1xx_hal_cortex.o
 .text.NVIC_EncodePriority
                0x08000888       0x64 ./Drivers/STM32F1xx_HAL_Driver/Src/stm32f1xx_hal_cortex.o
 .text.HAL_NVIC_SetPriorityGrouping
                0x080008ec       0x16 ./Drivers/STM32F1xx_HAL_Driver/Src/stm32f1xx_hal_cortex.o
                0x080008ec                HAL_NVIC_SetPriorityGrouping
 .text.HAL_NVIC_SetPriority
                0x08000902       0x38 ./Drivers/STM32F1xx_HAL_Driver/Src/stm32f1xx_hal_cortex.o
                0x08000902                HAL_NVIC_SetPriority
 .text.HAL_NVIC_EnableIRQ
                0x0800093a       0x1c ./Drivers/STM32F1xx_HAL_Driver/Src/stm32f1xx_hal_cortex.o
                0x0800093a                HAL_NVIC_EnableIRQ
 *fill*         0x08000956        0x2 
 .text.HAL_GPIO_Init
                0x08000958      0x308 ./Drivers/STM32F1xx_HAL_Driver/Src/stm32f1xx_hal_gpio.o
                0x08000958                HAL_GPIO_Init
 .text.HAL_GPIO_WritePin
                0x08000c60       0x30 ./Drivers/STM32F1xx_HAL_Driver/Src/stm32f1xx_hal_gpio.o
                0x08000c60                HAL_GPIO_WritePin
 .text.HAL_GPIO_TogglePin
                0x08000c90       0x32 ./Drivers/STM32F1xx_HAL_Driver/Src/stm32f1xx_hal_gpio.o
                0x08000c90                HAL_GPIO_TogglePin
 *fill*         0x08000cc2        0x2 
 .text.HAL_RCC_OscConfig
                0x08000cc4      0x504 ./Drivers/STM32F1xx_HAL_Driver/Src/stm32f1xx_hal_rcc.o
                0x08000cc4                HAL_RCC_OscConfig
 .text.HAL_RCC_ClockConfig
                0x080011c8      0x1d4 ./Drivers/STM32F1xx_HAL_Driver/Src/stm32f1xx_hal_rcc.o
                0x080011c8                HAL_RCC_ClockConfig
 .text.HAL_RCC_GetSysClockFreq
                0x0800139c       0xa8 ./Drivers/STM32F1xx_HAL_Driver/Src/stm32f1xx_hal_rcc.o
                0x0800139c                HAL_RCC_GetSysClockFreq
 .text.HAL_RCC_GetHCLKFreq
                0x08001444       0x14 ./Drivers/STM32F1xx_HAL_Driver/Src/stm32f1xx_hal_rcc.o
                0x08001444                HAL_RCC_GetHCLKFreq
 .text.HAL_RCC_GetPCLK1Freq
                0x08001458       0x28 ./Drivers/STM32F1xx_HAL_Driver/Src/stm32f1xx_hal_rcc.o
                0x08001458                HAL_RCC_GetPCLK1Freq
 .text.HAL_RCC_GetClockConfig
                0x08001480       0x60 ./Drivers/STM32F1xx_HAL_Driver/Src/stm32f1xx_hal_rcc.o
                0x08001480                HAL_RCC_GetClockConfig
 .text.RCC_Delay
                0x080014e0       0x3c ./Drivers/STM32F1xx_HAL_Driver/Src/stm32f1xx_hal_rcc.o
 .text.HAL_TIM_Base_Init
                0x0800151c       0x9e ./Drivers/STM32F1xx_HAL_Driver/Src/stm32f1xx_hal_tim.o
                0x0800151c                HAL_TIM_Base_Init
 .text.HAL_TIM_Base_MspInit
                0x080015ba       0x12 ./Drivers/STM32F1xx_HAL_Driver/Src/stm32f1xx_hal_tim.o
                0x080015ba                HAL_TIM_Base_MspInit
 .text.HAL_TIM_Base_Start_IT
                0x080015cc       0xa4 ./Drivers/STM32F1xx_HAL_Driver/Src/stm32f1xx_hal_tim.o
                0x080015cc                HAL_TIM_Base_Start_IT
 .text.HAL_TIM_IRQHandler
                0x08001670      0x1e0 ./Drivers/STM32F1xx_HAL_Driver/Src/stm32f1xx_hal_tim.o
                0x08001670                HAL_TIM_IRQHandler
 .text.HAL_TIM_OC_DelayElapsedCallback
                0x08001850       0x12 ./Drivers/STM32F1xx_HAL_Driver/Src/stm32f1xx_hal_tim.o
                0x08001850                HAL_TIM_OC_DelayElapsedCallback
 .text.HAL_TIM_IC_CaptureCallback
                0x08001862       0x12 ./Drivers/STM32F1xx_HAL_Driver/Src/stm32f1xx_hal_tim.o
                0x08001862                HAL_TIM_IC_CaptureCallback
 .text.HAL_TIM_PWM_PulseFinishedCallback
                0x08001874       0x12 ./Drivers/STM32F1xx_HAL_Driver/Src/stm32f1xx_hal_tim.o
                0x08001874                HAL_TIM_PWM_PulseFinishedCallback
 .text.HAL_TIM_TriggerCallback
                0x08001886       0x12 ./Drivers/STM32F1xx_HAL_Driver/Src/stm32f1xx_hal_tim.o
                0x08001886                HAL_TIM_TriggerCallback
 .text.TIM_Base_SetConfig
                0x08001898       0xdc ./Drivers/STM32F1xx_HAL_Driver/Src/stm32f1xx_hal_tim.o
                0x08001898                TIM_Base_SetConfig
 .text.HAL_TIMEx_CommutCallback
                0x08001974       0x12 ./Drivers/STM32F1xx_HAL_Driver/Src/stm32f1xx_hal_tim_ex.o
                0x08001974                HAL_TIMEx_CommutCallback
 .text.HAL_TIMEx_BreakCallback
                0x08001986       0x12 ./Drivers/STM32F1xx_HAL_Driver/Src/stm32f1xx_hal_tim_ex.o
                0x08001986                HAL_TIMEx_BreakCallback
 .text.osKernelInitialize
                0x08001998       0x64 ./Middlewares/Third_Party/FreeRTOS/Source/CMSIS_RTOS_V2/cmsis_os2.o
                0x08001998                osKernelInitialize
 .text.osKernelStart
                0x080019fc       0x68 ./Middlewares/Third_Party/FreeRTOS/Source/CMSIS_RTOS_V2/cmsis_os2.o
                0x080019fc                osKernelStart
 .text.osThreadNew
                0x08001a64      0x154 ./Middlewares/Third_Party/FreeRTOS/Source/CMSIS_RTOS_V2/cmsis_os2.o
                0x08001a64                osThreadNew
 .text.osDelay  0x08001bb8       0x5c ./Middlewares/Third_Party/FreeRTOS/Source/CMSIS_RTOS_V2/cmsis_os2.o
                0x08001bb8                osDelay
 .text.osSemaphoreNew
                0x08001c14      0x138 ./Middlewares/Third_Party/FreeRTOS/Source/CMSIS_RTOS_V2/cmsis_os2.o
                0x08001c14                osSemaphoreNew
 .text.osSemaphoreAcquire
                0x08001d4c       0xcc ./Middlewares/Third_Party/FreeRTOS/Source/CMSIS_RTOS_V2/cmsis_os2.o
                0x08001d4c                osSemaphoreAcquire
 .text.osSemaphoreRelease
                0x08001e18       0xb0 ./Middlewares/Third_Party/FreeRTOS/Source/CMSIS_RTOS_V2/cmsis_os2.o
                0x08001e18                osSemaphoreRelease
 .text.vApplicationGetIdleTaskMemory
                0x08001ec8       0x30 ./Middlewares/Third_Party/FreeRTOS/Source/CMSIS_RTOS_V2/cmsis_os2.o
                0x08001ec8                vApplicationGetIdleTaskMemory
 .text.vApplicationGetTimerTaskMemory
                0x08001ef8       0x34 ./Middlewares/Third_Party/FreeRTOS/Source/CMSIS_RTOS_V2/cmsis_os2.o
                0x08001ef8                vApplicationGetTimerTaskMemory
 .text.vListInitialise
                0x08001f2c       0x3e ./Middlewares/Third_Party/FreeRTOS/Source/list.o
                0x08001f2c                vListInitialise
 .text.vListInitialiseItem
                0x08001f6a       0x18 ./Middlewares/Third_Party/FreeRTOS/Source/list.o
                0x08001f6a                vListInitialiseItem
 .text.vListInsertEnd
                0x08001f82       0x46 ./Middlewares/Third_Party/FreeRTOS/Source/list.o
                0x08001f82                vListInsertEnd
 .text.vListInsert
                0x08001fc8       0x70 ./Middlewares/Third_Party/FreeRTOS/Source/list.o
                0x08001fc8                vListInsert
 .text.uxListRemove
                0x08002038       0x52 ./Middlewares/Third_Party/FreeRTOS/Source/list.o
                0x08002038                uxListRemove
 *fill*         0x0800208a        0x2 
 .text.xQueueGenericReset
                0x0800208c       0xd4 ./Middlewares/Third_Party/FreeRTOS/Source/queue.o
                0x0800208c                xQueueGenericReset
 .text.xQueueGenericCreateStatic
                0x08002160       0xfa ./Middlewares/Third_Party/FreeRTOS/Source/queue.o
                0x08002160                xQueueGenericCreateStatic
 .text.xQueueGenericCreate
                0x0800225a       0x76 ./Middlewares/Third_Party/FreeRTOS/Source/queue.o
                0x0800225a                xQueueGenericCreate
 .text.prvInitialiseNewQueue
                0x080022d0       0x46 ./Middlewares/Third_Party/FreeRTOS/Source/queue.o
 .text.xQueueCreateCountingSemaphoreStatic
                0x08002316       0x72 ./Middlewares/Third_Party/FreeRTOS/Source/queue.o
                0x08002316                xQueueCreateCountingSemaphoreStatic
 .text.xQueueCreateCountingSemaphore
                0x08002388       0x6a ./Middlewares/Third_Party/FreeRTOS/Source/queue.o
                0x08002388                xQueueCreateCountingSemaphore
 *fill*         0x080023f2        0x2 
 .text.xQueueGenericSend
                0x080023f4      0x204 ./Middlewares/Third_Party/FreeRTOS/Source/queue.o
                0x080023f4                xQueueGenericSend
 .text.xQueueGenericSendFromISR
                0x080025f8      0x13c ./Middlewares/Third_Party/FreeRTOS/Source/queue.o
                0x080025f8                xQueueGenericSendFromISR
 .text.xQueueGiveFromISR
                0x08002734      0x120 ./Middlewares/Third_Party/FreeRTOS/Source/queue.o
                0x08002734                xQueueGiveFromISR
 .text.xQueueReceive
                0x08002854      0x1c4 ./Middlewares/Third_Party/FreeRTOS/Source/queue.o
                0x08002854                xQueueReceive
 .text.xQueueSemaphoreTake
                0x08002a18      0x220 ./Middlewares/Third_Party/FreeRTOS/Source/queue.o
                0x08002a18                xQueueSemaphoreTake
 .text.xQueueReceiveFromISR
                0x08002c38      0x104 ./Middlewares/Third_Party/FreeRTOS/Source/queue.o
                0x08002c38                xQueueReceiveFromISR
 .text.vQueueDelete
                0x08002d3c       0x48 ./Middlewares/Third_Party/FreeRTOS/Source/queue.o
                0x08002d3c                vQueueDelete
 .text.prvGetDisinheritPriorityAfterTimeout
                0x08002d84       0x2e ./Middlewares/Third_Party/FreeRTOS/Source/queue.o
 .text.prvCopyDataToQueue
                0x08002db2       0xd4 ./Middlewares/Third_Party/FreeRTOS/Source/queue.o
 .text.prvCopyDataFromQueue
                0x08002e86       0x4c ./Middlewares/Third_Party/FreeRTOS/Source/queue.o
 .text.prvUnlockQueue
                0x08002ed2       0xa4 ./Middlewares/Third_Party/FreeRTOS/Source/queue.o
 .text.prvIsQueueEmpty
                0x08002f76       0x2c ./Middlewares/Third_Party/FreeRTOS/Source/queue.o
 .text.prvIsQueueFull
                0x08002fa2       0x30 ./Middlewares/Third_Party/FreeRTOS/Source/queue.o
 *fill*         0x08002fd2        0x2 
 .text.vQueueAddToRegistry
                0x08002fd4       0x50 ./Middlewares/Third_Party/FreeRTOS/Source/queue.o
                0x08002fd4                vQueueAddToRegistry
 .text.vQueueUnregisterQueue
                0x08003024       0x54 ./Middlewares/Third_Party/FreeRTOS/Source/queue.o
                0x08003024                vQueueUnregisterQueue
 .text.vQueueWaitForMessageRestricted
                0x08003078       0x68 ./Middlewares/Third_Party/FreeRTOS/Source/queue.o
                0x08003078                vQueueWaitForMessageRestricted
 .text.xTaskCreateStatic
                0x080030e0       0xc0 ./Middlewares/Third_Party/FreeRTOS/Source/tasks.o
                0x080030e0                xTaskCreateStatic
 .text.xTaskCreate
                0x080031a0       0x8a ./Middlewares/Third_Party/FreeRTOS/Source/tasks.o
                0x080031a0                xTaskCreate
 .text.prvInitialiseNewTask
                0x0800322a      0x120 ./Middlewares/Third_Party/FreeRTOS/Source/tasks.o
 *fill*         0x0800334a        0x2 
 .text.prvAddNewTaskToReadyList
                0x0800334c       0xe0 ./Middlewares/Third_Party/FreeRTOS/Source/tasks.o
 .text.vTaskDelay
                0x0800342c       0x6c ./Middlewares/Third_Party/FreeRTOS/Source/tasks.o
                0x0800342c                vTaskDelay
 .text.vTaskStartScheduler
                0x08003498       0xd0 ./Middlewares/Third_Party/FreeRTOS/Source/tasks.o
                0x08003498                vTaskStartScheduler
 .text.vTaskSuspendAll
                0x08003568       0x1c ./Middlewares/Third_Party/FreeRTOS/Source/tasks.o
                0x08003568                vTaskSuspendAll
 .text.xTaskResumeAll
                0x08003584      0x13c ./Middlewares/Third_Party/FreeRTOS/Source/tasks.o
                0x08003584                xTaskResumeAll
 .text.xTaskGetTickCount
                0x080036c0       0x1c ./Middlewares/Third_Party/FreeRTOS/Source/tasks.o
                0x080036c0                xTaskGetTickCount
 .text.xTaskIncrementTick
                0x080036dc      0x174 ./Middlewares/Third_Party/FreeRTOS/Source/tasks.o
                0x080036dc                xTaskIncrementTick
 .text.vTaskSwitchContext
                0x08003850       0xbc ./Middlewares/Third_Party/FreeRTOS/Source/tasks.o
                0x08003850                vTaskSwitchContext
 .text.vTaskPlaceOnEventList
                0x0800390c       0x4c ./Middlewares/Third_Party/FreeRTOS/Source/tasks.o
                0x0800390c                vTaskPlaceOnEventList
 .text.vTaskPlaceOnEventListRestricted
                0x08003958       0x58 ./Middlewares/Third_Party/FreeRTOS/Source/tasks.o
                0x08003958                vTaskPlaceOnEventListRestricted
 .text.xTaskRemoveFromEventList
                0x080039b0       0xc8 ./Middlewares/Third_Party/FreeRTOS/Source/tasks.o
                0x080039b0                xTaskRemoveFromEventList
 .text.vTaskInternalSetTimeOutState
                0x08003a78       0x2c ./Middlewares/Third_Party/FreeRTOS/Source/tasks.o
                0x08003a78                vTaskInternalSetTimeOutState
 .text.xTaskCheckForTimeOut
                0x08003aa4       0xc8 ./Middlewares/Third_Party/FreeRTOS/Source/tasks.o
                0x08003aa4                xTaskCheckForTimeOut
 .text.vTaskMissedYield
                0x08003b6c       0x18 ./Middlewares/Third_Party/FreeRTOS/Source/tasks.o
                0x08003b6c                vTaskMissedYield
 .text.prvIdleTask
                0x08003b84       0x30 ./Middlewares/Third_Party/FreeRTOS/Source/tasks.o
 .text.prvInitialiseTaskLists
                0x08003bb4       0x80 ./Middlewares/Third_Party/FreeRTOS/Source/tasks.o
 .text.prvCheckTasksWaitingTermination
                0x08003c34       0x5c ./Middlewares/Third_Party/FreeRTOS/Source/tasks.o
 .text.prvDeleteTCB
                0x08003c90       0x60 ./Middlewares/Third_Party/FreeRTOS/Source/tasks.o
 .text.prvResetNextTaskUnblockTime
                0x08003cf0       0x40 ./Middlewares/Third_Party/FreeRTOS/Source/tasks.o
 .text.xTaskGetSchedulerState
                0x08003d30       0x3c ./Middlewares/Third_Party/FreeRTOS/Source/tasks.o
                0x08003d30                xTaskGetSchedulerState
 .text.xTaskPriorityInherit
                0x08003d6c       0xd0 ./Middlewares/Third_Party/FreeRTOS/Source/tasks.o
                0x08003d6c                xTaskPriorityInherit
 .text.xTaskPriorityDisinherit
                0x08003e3c       0xe0 ./Middlewares/Third_Party/FreeRTOS/Source/tasks.o
                0x08003e3c                xTaskPriorityDisinherit
 .text.vTaskPriorityDisinheritAfterTimeout
                0x08003f1c      0x108 ./Middlewares/Third_Party/FreeRTOS/Source/tasks.o
                0x08003f1c                vTaskPriorityDisinheritAfterTimeout
 .text.pvTaskIncrementMutexHeldCount
                0x08004024       0x28 ./Middlewares/Third_Party/FreeRTOS/Source/tasks.o
                0x08004024                pvTaskIncrementMutexHeldCount
 .text.prvAddCurrentTaskToDelayedList
                0x0800404c       0xa8 ./Middlewares/Third_Party/FreeRTOS/Source/tasks.o
 .text.xTimerCreateTimerTask
                0x080040f4       0x94 ./Middlewares/Third_Party/FreeRTOS/Source/timers.o
                0x080040f4                xTimerCreateTimerTask
 .text.xTimerGenericCommand
                0x08004188       0x9c ./Middlewares/Third_Party/FreeRTOS/Source/timers.o
                0x08004188                xTimerGenericCommand
 .text.prvProcessExpiredTimer
                0x08004224       0x9c ./Middlewares/Third_Party/FreeRTOS/Source/timers.o
 .text.prvTimerTask
                0x080042c0       0x26 ./Middlewares/Third_Party/FreeRTOS/Source/timers.o
 *fill*         0x080042e6        0x2 
 .text.prvProcessTimerOrBlockTask
                0x080042e8       0x9c ./Middlewares/Third_Party/FreeRTOS/Source/timers.o
 .text.prvGetNextExpireTime
                0x08004384       0x44 ./Middlewares/Third_Party/FreeRTOS/Source/timers.o
 .text.prvSampleTimeNow
                0x080043c8       0x40 ./Middlewares/Third_Party/FreeRTOS/Source/timers.o
 .text.prvInsertTimerInActiveList
                0x08004408       0x84 ./Middlewares/Third_Party/FreeRTOS/Source/timers.o
 .text.prvProcessReceivedCommands
                0x0800448c      0x1cc ./Middlewares/Third_Party/FreeRTOS/Source/timers.o
 .text.prvSwitchTimerLists
                0x08004658       0xcc ./Middlewares/Third_Party/FreeRTOS/Source/timers.o
 .text.prvCheckForValidListAndQueue
                0x08004724       0x80 ./Middlewares/Third_Party/FreeRTOS/Source/timers.o
 .text.pxPortInitialiseStack
                0x080047a4       0x58 ./Middlewares/Third_Party/FreeRTOS/Source/portable/GCC/ARM_CM3/port.o
                0x080047a4                pxPortInitialiseStack
 .text.prvTaskExitError
                0x080047fc       0x58 ./Middlewares/Third_Party/FreeRTOS/Source/portable/GCC/ARM_CM3/port.o
 *fill*         0x08004854        0xc 
 .text.SVC_Handler
                0x08004860       0x28 ./Middlewares/Third_Party/FreeRTOS/Source/portable/GCC/ARM_CM3/port.o
                0x08004860                SVC_Handler
 .text.prvPortStartFirstTask
                0x08004888       0x20 ./Middlewares/Third_Party/FreeRTOS/Source/portable/GCC/ARM_CM3/port.o
 .text.xPortStartScheduler
                0x080048a8       0xe4 ./Middlewares/Third_Party/FreeRTOS/Source/portable/GCC/ARM_CM3/port.o
                0x080048a8                xPortStartScheduler
 .text.vPortEnterCritical
                0x0800498c       0x60 ./Middlewares/Third_Party/FreeRTOS/Source/portable/GCC/ARM_CM3/port.o
                0x0800498c                vPortEnterCritical
 .text.vPortExitCritical
                0x080049ec       0x54 ./Middlewares/Third_Party/FreeRTOS/Source/portable/GCC/ARM_CM3/port.o
                0x080049ec                vPortExitCritical
 .text.PendSV_Handler
                0x08004a40       0x48 ./Middlewares/Third_Party/FreeRTOS/Source/portable/GCC/ARM_CM3/port.o
                0x08004a40                PendSV_Handler
 .text.SysTick_Handler
                0x08004a88       0x44 ./Middlewares/Third_Party/FreeRTOS/Source/portable/GCC/ARM_CM3/port.o
                0x08004a88                SysTick_Handler
 .text.vPortSetupTimerInterrupt
                0x08004acc       0x44 ./Middlewares/Third_Party/FreeRTOS/Source/portable/GCC/ARM_CM3/port.o
                0x08004acc                vPortSetupTimerInterrupt
 .text.vPortValidateInterruptPriority
                0x08004b10       0x80 ./Middlewares/Third_Party/FreeRTOS/Source/portable/GCC/ARM_CM3/port.o
                0x08004b10                vPortValidateInterruptPriority
 .text.pvPortMalloc
                0x08004b90      0x19c ./Middlewares/Third_Party/FreeRTOS/Source/portable/MemMang/heap_4.o
                0x08004b90                pvPortMalloc
 .text.vPortFree
                0x08004d2c       0xc8 ./Middlewares/Third_Party/FreeRTOS/Source/portable/MemMang/heap_4.o
                0x08004d2c                vPortFree
 .text.prvHeapInit
                0x08004df4       0xc4 ./Middlewares/Third_Party/FreeRTOS/Source/portable/MemMang/heap_4.o
 .text.prvInsertBlockIntoFreeList
                0x08004eb8       0xb0 ./Middlewares/Third_Party/FreeRTOS/Source/portable/MemMang/heap_4.o
 .text.memset   0x08004f68       0x10 D:/STM32CubeIDE_1.16.0/STM32CubeIDE/plugins/com.st.stm32cube.ide.mcu.externaltools.gnu-tools-for-stm32.12.3.rel1.win32_1.0.200.202406191623/tools/bin/../lib/gcc/arm-none-eabi/12.3.1/../../../../arm-none-eabi/lib/thumb/v7-m/nofp\libc_nano.a(libc_a-memset.o)
                0x08004f68                memset
 .text.__libc_init_array
                0x08004f78       0x48 D:/STM32CubeIDE_1.16.0/STM32CubeIDE/plugins/com.st.stm32cube.ide.mcu.externaltools.gnu-tools-for-stm32.12.3.rel1.win32_1.0.200.202406191623/tools/bin/../lib/gcc/arm-none-eabi/12.3.1/../../../../arm-none-eabi/lib/thumb/v7-m/nofp\libc_nano.a(libc_a-init.o)
                0x08004f78                __libc_init_array
 .text.memcpy   0x08004fc0       0x1c D:/STM32CubeIDE_1.16.0/STM32CubeIDE/plugins/com.st.stm32cube.ide.mcu.externaltools.gnu-tools-for-stm32.12.3.rel1.win32_1.0.200.202406191623/tools/bin/../lib/gcc/arm-none-eabi/12.3.1/../../../../arm-none-eabi/lib/thumb/v7-m/nofp\libc_nano.a(libc_a-memcpy-stub.o)
                0x08004fc0                memcpy
 *(.glue_7)
 .glue_7        0x08004fdc        0x0 linker stubs
 *(.glue_7t)
 .glue_7t       0x08004fdc        0x0 linker stubs
 *(.eh_frame)
 .eh_frame      0x08004fdc        0x0 D:/STM32CubeIDE_1.16.0/STM32CubeIDE/plugins/com.st.stm32cube.ide.mcu.externaltools.gnu-tools-for-stm32.12.3.rel1.win32_1.0.200.202406191623/tools/bin/../lib/gcc/arm-none-eabi/12.3.1/thumb/v7-m/nofp/crtbegin.o
 *(.init)
 .init          0x08004fdc        0x4 D:/STM32CubeIDE_1.16.0/STM32CubeIDE/plugins/com.st.stm32cube.ide.mcu.externaltools.gnu-tools-for-stm32.12.3.rel1.win32_1.0.200.202406191623/tools/bin/../lib/gcc/arm-none-eabi/12.3.1/thumb/v7-m/nofp/crti.o
                0x08004fdc                _init
 .init          0x08004fe0        0x8 D:/STM32CubeIDE_1.16.0/STM32CubeIDE/plugins/com.st.stm32cube.ide.mcu.externaltools.gnu-tools-for-stm32.12.3.rel1.win32_1.0.200.202406191623/tools/bin/../lib/gcc/arm-none-eabi/12.3.1/thumb/v7-m/nofp/crtn.o
 *(.fini)
 .fini          0x08004fe8        0x4 D:/STM32CubeIDE_1.16.0/STM32CubeIDE/plugins/com.st.stm32cube.ide.mcu.externaltools.gnu-tools-for-stm32.12.3.rel1.win32_1.0.200.202406191623/tools/bin/../lib/gcc/arm-none-eabi/12.3.1/thumb/v7-m/nofp/crti.o
                0x08004fe8                _fini
 .fini          0x08004fec        0x8 D:/STM32CubeIDE_1.16.0/STM32CubeIDE/plugins/com.st.stm32cube.ide.mcu.externaltools.gnu-tools-for-stm32.12.3.rel1.win32_1.0.200.202406191623/tools/bin/../lib/gcc/arm-none-eabi/12.3.1/thumb/v7-m/nofp/crtn.o
                0x08004ff4                        . = ALIGN (0x4)
                0x08004ff4                        _etext = .

.vfp11_veneer   0x08004ff4        0x0
 .vfp11_veneer  0x08004ff4        0x0 linker stubs

.v4_bx          0x08004ff4        0x0
 .v4_bx         0x08004ff4        0x0 linker stubs

.iplt           0x08004ff4        0x0
 .iplt          0x08004ff4        0x0 D:/STM32CubeIDE_1.16.0/STM32CubeIDE/plugins/com.st.stm32cube.ide.mcu.externaltools.gnu-tools-for-stm32.12.3.rel1.win32_1.0.200.202406191623/tools/bin/../lib/gcc/arm-none-eabi/12.3.1/thumb/v7-m/nofp/crtbegin.o

.rodata         0x08004ff4      0x12c
                0x08004ff4                        . = ALIGN (0x4)
 *(.rodata)
 .rodata        0x08004ff4       0x46 ./Core/Src/main.o
 *fill*         0x0800503a        0x2 
 .rodata        0x0800503c        0x5 ./Middlewares/Third_Party/FreeRTOS/Source/tasks.o
 *fill*         0x08005041        0x3 
 .rodata        0x08005044        0xd ./Middlewares/Third_Party/FreeRTOS/Source/timers.o
 *(.rodata*)
 *fill*         0x08005051        0x3 
 .rodata.defaultTask_attributes
                0x08005054       0x24 ./Core/Src/main.o
                0x08005054                defaultTask_attributes
 .rodata.redLed_attributes
                0x08005078       0x24 ./Core/Src/main.o
                0x08005078                redLed_attributes
 .rodata.greenLed_attributes
                0x0800509c       0x24 ./Core/Src/main.o
                0x0800509c                greenLed_attributes
 .rodata.orangeLed_attributes
                0x080050c0       0x24 ./Core/Src/main.o
                0x080050c0                orangeLed_attributes
 .rodata.CriticalResourceSemaphore_attributes
                0x080050e4       0x10 ./Core/Src/main.o
                0x080050e4                CriticalResourceSemaphore_attributes
 .rodata.AHBPrescTable
                0x080050f4       0x10 ./Core/Src/system_stm32f1xx.o
                0x080050f4                AHBPrescTable
 .rodata.APBPrescTable
                0x08005104        0x8 ./Core/Src/system_stm32f1xx.o
                0x08005104                APBPrescTable
 .rodata.aPLLMULFactorTable.1
                0x0800510c       0x10 ./Drivers/STM32F1xx_HAL_Driver/Src/stm32f1xx_hal_rcc.o
 .rodata.aPredivFactorTable.0
                0x0800511c        0x2 ./Drivers/STM32F1xx_HAL_Driver/Src/stm32f1xx_hal_rcc.o
                0x08005120                        . = ALIGN (0x4)
 *fill*         0x0800511e        0x2 

.ARM.extab      0x08005120        0x0
                0x08005120                        . = ALIGN (0x4)
 *(.ARM.extab* .gnu.linkonce.armextab.*)
                0x08005120                        . = ALIGN (0x4)

.ARM            0x08005120        0x0
                0x08005120                        . = ALIGN (0x4)
                0x08005120                        __exidx_start = .
 *(.ARM.exidx*)
                0x08005120                        __exidx_end = .
                0x08005120                        . = ALIGN (0x4)

.preinit_array  0x08005120        0x0
                0x08005120                        . = ALIGN (0x4)
                0x08005120                        PROVIDE (__preinit_array_start = .)
 *(.preinit_array*)
                0x08005120                        PROVIDE (__preinit_array_end = .)
                0x08005120                        . = ALIGN (0x4)

.init_array     0x08005120        0x4
                0x08005120                        . = ALIGN (0x4)
                0x08005120                        PROVIDE (__init_array_start = .)
 *(SORT_BY_NAME(.init_array.*))
 *(.init_array*)
 .init_array    0x08005120        0x4 D:/STM32CubeIDE_1.16.0/STM32CubeIDE/plugins/com.st.stm32cube.ide.mcu.externaltools.gnu-tools-for-stm32.12.3.rel1.win32_1.0.200.202406191623/tools/bin/../lib/gcc/arm-none-eabi/12.3.1/thumb/v7-m/nofp/crtbegin.o
                0x08005124                        PROVIDE (__init_array_end = .)
                0x08005124                        . = ALIGN (0x4)

.fini_array     0x08005124        0x4
                0x08005124                        . = ALIGN (0x4)
                [!provide]                        PROVIDE (__fini_array_start = .)
 *(SORT_BY_NAME(.fini_array.*))
 *(.fini_array*)
 .fini_array    0x08005124        0x4 D:/STM32CubeIDE_1.16.0/STM32CubeIDE/plugins/com.st.stm32cube.ide.mcu.externaltools.gnu-tools-for-stm32.12.3.rel1.win32_1.0.200.202406191623/tools/bin/../lib/gcc/arm-none-eabi/12.3.1/thumb/v7-m/nofp/crtbegin.o
                [!provide]                        PROVIDE (__fini_array_end = .)
                0x08005128                        . = ALIGN (0x4)
                0x08005128                        _sidata = LOADADDR (.data)

.rel.dyn        0x08005128        0x0
 .rel.iplt      0x08005128        0x0 D:/STM32CubeIDE_1.16.0/STM32CubeIDE/plugins/com.st.stm32cube.ide.mcu.externaltools.gnu-tools-for-stm32.12.3.rel1.win32_1.0.200.202406191623/tools/bin/../lib/gcc/arm-none-eabi/12.3.1/thumb/v7-m/nofp/crtbegin.o

.data           0x20000000       0x14 load address 0x08005128
                0x20000000                        . = ALIGN (0x4)
                0x20000000                        _sdata = .
 *(.data)
 *(.data*)
 .data.WaitTimeMilliseconds
                0x20000000        0x2 ./Core/Src/main.o
                0x20000000                WaitTimeMilliseconds
 *fill*         0x20000002        0x2 
 .data.SystemCoreClock
                0x20000004        0x4 ./Core/Src/system_stm32f1xx.o
                0x20000004                SystemCoreClock
 .data.uwTickPrio
                0x20000008        0x4 ./Drivers/STM32F1xx_HAL_Driver/Src/stm32f1xx_hal.o
                0x20000008                uwTickPrio
 .data.uwTickFreq
                0x2000000c        0x1 ./Drivers/STM32F1xx_HAL_Driver/Src/stm32f1xx_hal.o
                0x2000000c                uwTickFreq
 *fill*         0x2000000d        0x3 
 .data.uxCriticalNesting
                0x20000010        0x4 ./Middlewares/Third_Party/FreeRTOS/Source/portable/GCC/ARM_CM3/port.o
 *(.RamFunc)
 *(.RamFunc*)
                0x20000014                        . = ALIGN (0x4)
                0x20000014                        _edata = .

.igot.plt       0x20000014        0x0 load address 0x0800513c
 .igot.plt      0x20000014        0x0 D:/STM32CubeIDE_1.16.0/STM32CubeIDE/plugins/com.st.stm32cube.ide.mcu.externaltools.gnu-tools-for-stm32.12.3.rel1.win32_1.0.200.202406191623/tools/bin/../lib/gcc/arm-none-eabi/12.3.1/thumb/v7-m/nofp/crtbegin.o
                0x20000014                        . = ALIGN (0x4)

.bss            0x20000014     0x19d0 load address 0x0800513c
                0x20000014                        _sbss = .
                0x20000014                        __bss_start__ = _sbss
 *(.bss)
 .bss           0x20000014       0x1c D:/STM32CubeIDE_1.16.0/STM32CubeIDE/plugins/com.st.stm32cube.ide.mcu.externaltools.gnu-tools-for-stm32.12.3.rel1.win32_1.0.200.202406191623/tools/bin/../lib/gcc/arm-none-eabi/12.3.1/thumb/v7-m/nofp/crtbegin.o
 *(.bss*)
 .bss.defaultTaskHandle
                0x20000030        0x4 ./Core/Src/main.o
                0x20000030                defaultTaskHandle
 .bss.redLedHandle
                0x20000034        0x4 ./Core/Src/main.o
                0x20000034                redLedHandle
 .bss.greenLedHandle
                0x20000038        0x4 ./Core/Src/main.o
                0x20000038                greenLedHandle
 .bss.orangeLedHandle
                0x2000003c        0x4 ./Core/Src/main.o
                0x2000003c                orangeLedHandle
 .bss.CriticalResourceSemaphoreHandle
                0x20000040        0x4 ./Core/Src/main.o
                0x20000040                CriticalResourceSemaphoreHandle
 .bss.StartFlag
                0x20000044        0x1 ./Core/Src/main.o
                0x20000044                StartFlag
 .bss.RedFlag   0x20000045        0x1 ./Core/Src/main.o
                0x20000045                RedFlag
 .bss.GreenFlag
                0x20000046        0x1 ./Core/Src/main.o
                0x20000046                GreenFlag
 *fill*         0x20000047        0x1 
 .bss.htim4     0x20000048       0x48 ./Core/Src/stm32f1xx_hal_timebase_tim.o
                0x20000048                htim4
 .bss.uwTick    0x20000090        0x4 ./Drivers/STM32F1xx_HAL_Driver/Src/stm32f1xx_hal.o
                0x20000090                uwTick
 .bss.KernelState
                0x20000094        0x4 ./Middlewares/Third_Party/FreeRTOS/Source/CMSIS_RTOS_V2/cmsis_os2.o
 .bss.Idle_TCB  0x20000098       0x5c ./Middlewares/Third_Party/FreeRTOS/Source/CMSIS_RTOS_V2/cmsis_os2.o
 .bss.Idle_Stack
                0x200000f4      0x200 ./Middlewares/Third_Party/FreeRTOS/Source/CMSIS_RTOS_V2/cmsis_os2.o
 .bss.Timer_TCB
                0x200002f4       0x5c ./Middlewares/Third_Party/FreeRTOS/Source/CMSIS_RTOS_V2/cmsis_os2.o
 .bss.Timer_Stack
                0x20000350      0x400 ./Middlewares/Third_Party/FreeRTOS/Source/CMSIS_RTOS_V2/cmsis_os2.o
 .bss.xQueueRegistry
                0x20000750       0x40 ./Middlewares/Third_Party/FreeRTOS/Source/queue.o
                0x20000750                xQueueRegistry
 .bss.pxCurrentTCB
                0x20000790        0x4 ./Middlewares/Third_Party/FreeRTOS/Source/tasks.o
                0x20000790                pxCurrentTCB
 .bss.pxReadyTasksLists
                0x20000794      0x460 ./Middlewares/Third_Party/FreeRTOS/Source/tasks.o
 .bss.xDelayedTaskList1
                0x20000bf4       0x14 ./Middlewares/Third_Party/FreeRTOS/Source/tasks.o
 .bss.xDelayedTaskList2
                0x20000c08       0x14 ./Middlewares/Third_Party/FreeRTOS/Source/tasks.o
 .bss.pxDelayedTaskList
                0x20000c1c        0x4 ./Middlewares/Third_Party/FreeRTOS/Source/tasks.o
 .bss.pxOverflowDelayedTaskList
                0x20000c20        0x4 ./Middlewares/Third_Party/FreeRTOS/Source/tasks.o
 .bss.xPendingReadyList
                0x20000c24       0x14 ./Middlewares/Third_Party/FreeRTOS/Source/tasks.o
 .bss.xTasksWaitingTermination
                0x20000c38       0x14 ./Middlewares/Third_Party/FreeRTOS/Source/tasks.o
 .bss.uxDeletedTasksWaitingCleanUp
                0x20000c4c        0x4 ./Middlewares/Third_Party/FreeRTOS/Source/tasks.o
 .bss.xSuspendedTaskList
                0x20000c50       0x14 ./Middlewares/Third_Party/FreeRTOS/Source/tasks.o
 .bss.uxCurrentNumberOfTasks
                0x20000c64        0x4 ./Middlewares/Third_Party/FreeRTOS/Source/tasks.o
 .bss.xTickCount
                0x20000c68        0x4 ./Middlewares/Third_Party/FreeRTOS/Source/tasks.o
 .bss.uxTopReadyPriority
                0x20000c6c        0x4 ./Middlewares/Third_Party/FreeRTOS/Source/tasks.o
 .bss.xSchedulerRunning
                0x20000c70        0x4 ./Middlewares/Third_Party/FreeRTOS/Source/tasks.o
 .bss.xPendedTicks
                0x20000c74        0x4 ./Middlewares/Third_Party/FreeRTOS/Source/tasks.o
 .bss.xYieldPending
                0x20000c78        0x4 ./Middlewares/Third_Party/FreeRTOS/Source/tasks.o
 .bss.xNumOfOverflows
                0x20000c7c        0x4 ./Middlewares/Third_Party/FreeRTOS/Source/tasks.o
 .bss.uxTaskNumber
                0x20000c80        0x4 ./Middlewares/Third_Party/FreeRTOS/Source/tasks.o
 .bss.xNextTaskUnblockTime
                0x20000c84        0x4 ./Middlewares/Third_Party/FreeRTOS/Source/tasks.o
 .bss.xIdleTaskHandle
                0x20000c88        0x4 ./Middlewares/Third_Party/FreeRTOS/Source/tasks.o
 .bss.uxSchedulerSuspended
                0x20000c8c        0x4 ./Middlewares/Third_Party/FreeRTOS/Source/tasks.o
 .bss.xActiveTimerList1
                0x20000c90       0x14 ./Middlewares/Third_Party/FreeRTOS/Source/timers.o
 .bss.xActiveTimerList2
                0x20000ca4       0x14 ./Middlewares/Third_Party/FreeRTOS/Source/timers.o
 .bss.pxCurrentTimerList
                0x20000cb8        0x4 ./Middlewares/Third_Party/FreeRTOS/Source/timers.o
 .bss.pxOverflowTimerList
                0x20000cbc        0x4 ./Middlewares/Third_Party/FreeRTOS/Source/timers.o
 .bss.xTimerQueue
                0x20000cc0        0x4 ./Middlewares/Third_Party/FreeRTOS/Source/timers.o
 .bss.xTimerTaskHandle
                0x20000cc4        0x4 ./Middlewares/Third_Party/FreeRTOS/Source/timers.o
 .bss.xLastTime.2
                0x20000cc8        0x4 ./Middlewares/Third_Party/FreeRTOS/Source/timers.o
 .bss.ucStaticTimerQueueStorage.1
                0x20000ccc       0xa0 ./Middlewares/Third_Party/FreeRTOS/Source/timers.o
 .bss.xStaticTimerQueue.0
                0x20000d6c       0x50 ./Middlewares/Third_Party/FreeRTOS/Source/timers.o
 .bss.ucMaxSysCallPriority
                0x20000dbc        0x1 ./Middlewares/Third_Party/FreeRTOS/Source/portable/GCC/ARM_CM3/port.o
 *fill*         0x20000dbd        0x3 
 .bss.ulMaxPRIGROUPValue
                0x20000dc0        0x4 ./Middlewares/Third_Party/FreeRTOS/Source/portable/GCC/ARM_CM3/port.o
 .bss.ucHeap    0x20000dc4      0xc00 ./Middlewares/Third_Party/FreeRTOS/Source/portable/MemMang/heap_4.o
 .bss.xStart    0x200019c4        0x8 ./Middlewares/Third_Party/FreeRTOS/Source/portable/MemMang/heap_4.o
 .bss.pxEnd     0x200019cc        0x4 ./Middlewares/Third_Party/FreeRTOS/Source/portable/MemMang/heap_4.o
 .bss.xFreeBytesRemaining
                0x200019d0        0x4 ./Middlewares/Third_Party/FreeRTOS/Source/portable/MemMang/heap_4.o
 .bss.xMinimumEverFreeBytesRemaining
                0x200019d4        0x4 ./Middlewares/Third_Party/FreeRTOS/Source/portable/MemMang/heap_4.o
 .bss.xNumberOfSuccessfulAllocations
                0x200019d8        0x4 ./Middlewares/Third_Party/FreeRTOS/Source/portable/MemMang/heap_4.o
 .bss.xNumberOfSuccessfulFrees
                0x200019dc        0x4 ./Middlewares/Third_Party/FreeRTOS/Source/portable/MemMang/heap_4.o
 .bss.xBlockAllocatedBit
                0x200019e0        0x4 ./Middlewares/Third_Party/FreeRTOS/Source/portable/MemMang/heap_4.o
 *(COMMON)
                0x200019e4                        . = ALIGN (0x4)
                0x200019e4                        _ebss = .
                0x200019e4                        __bss_end__ = _ebss

._user_heap_stack
                0x200019e4      0x604 load address 0x0800513c
                0x200019e8                        . = ALIGN (0x8)
 *fill*         0x200019e4        0x4 
                [!provide]                        PROVIDE (end = .)
                0x200019e8                        PROVIDE (_end = .)
                0x20001be8                        . = (. + _Min_Heap_Size)
 *fill*         0x200019e8      0x200 
                0x20001fe8                        . = (. + _Min_Stack_Size)
 *fill*         0x20001be8      0x400 
                0x20001fe8                        . = ALIGN (0x8)

/DISCARD/
 libc.a(*)
 libm.a(*)
 libgcc.a(*)

.ARM.attributes
                0x00000000       0x29
 *(.ARM.attributes)
 .ARM.attributes
                0x00000000       0x1d D:/STM32CubeIDE_1.16.0/STM32CubeIDE/plugins/com.st.stm32cube.ide.mcu.externaltools.gnu-tools-for-stm32.12.3.rel1.win32_1.0.200.202406191623/tools/bin/../lib/gcc/arm-none-eabi/12.3.1/thumb/v7-m/nofp/crti.o
 .ARM.attributes
                0x0000001d       0x2d D:/STM32CubeIDE_1.16.0/STM32CubeIDE/plugins/com.st.stm32cube.ide.mcu.externaltools.gnu-tools-for-stm32.12.3.rel1.win32_1.0.200.202406191623/tools/bin/../lib/gcc/arm-none-eabi/12.3.1/thumb/v7-m/nofp/crtbegin.o
 .ARM.attributes
                0x0000004a       0x2d ./Core/Src/main.o
 .ARM.attributes
                0x00000077       0x2d ./Core/Src/stm32f1xx_hal_msp.o
 .ARM.attributes
                0x000000a4       0x2d ./Core/Src/stm32f1xx_hal_timebase_tim.o
 .ARM.attributes
                0x000000d1       0x2d ./Core/Src/stm32f1xx_it.o
 .ARM.attributes
                0x000000fe       0x2d ./Core/Src/system_stm32f1xx.o
 .ARM.attributes
                0x0000012b       0x21 ./Core/Startup/startup_stm32f103c8tx.o
 .ARM.attributes
                0x0000014c       0x2d ./Drivers/STM32F1xx_HAL_Driver/Src/stm32f1xx_hal.o
 .ARM.attributes
                0x00000179       0x2d ./Drivers/STM32F1xx_HAL_Driver/Src/stm32f1xx_hal_cortex.o
 .ARM.attributes
                0x000001a6       0x2d ./Drivers/STM32F1xx_HAL_Driver/Src/stm32f1xx_hal_gpio.o
 .ARM.attributes
                0x000001d3       0x2d ./Drivers/STM32F1xx_HAL_Driver/Src/stm32f1xx_hal_rcc.o
 .ARM.attributes
                0x00000200       0x2d ./Drivers/STM32F1xx_HAL_Driver/Src/stm32f1xx_hal_tim.o
 .ARM.attributes
                0x0000022d       0x2d ./Drivers/STM32F1xx_HAL_Driver/Src/stm32f1xx_hal_tim_ex.o
 .ARM.attributes
                0x0000025a       0x2d ./Middlewares/Third_Party/FreeRTOS/Source/CMSIS_RTOS_V2/cmsis_os2.o
 .ARM.attributes
                0x00000287       0x2d ./Middlewares/Third_Party/FreeRTOS/Source/list.o
 .ARM.attributes
                0x000002b4       0x2d ./Middlewares/Third_Party/FreeRTOS/Source/queue.o
 .ARM.attributes
                0x000002e1       0x2d ./Middlewares/Third_Party/FreeRTOS/Source/tasks.o
 .ARM.attributes
                0x0000030e       0x2d ./Middlewares/Third_Party/FreeRTOS/Source/timers.o
 .ARM.attributes
                0x0000033b       0x2d ./Middlewares/Third_Party/FreeRTOS/Source/portable/GCC/ARM_CM3/port.o
 .ARM.attributes
                0x00000368       0x2d ./Middlewares/Third_Party/FreeRTOS/Source/portable/MemMang/heap_4.o
 .ARM.attributes
                0x00000395       0x2d D:/STM32CubeIDE_1.16.0/STM32CubeIDE/plugins/com.st.stm32cube.ide.mcu.externaltools.gnu-tools-for-stm32.12.3.rel1.win32_1.0.200.202406191623/tools/bin/../lib/gcc/arm-none-eabi/12.3.1/../../../../arm-none-eabi/lib/thumb/v7-m/nofp\libc_nano.a(libc_a-memset.o)
 .ARM.attributes
                0x000003c2       0x2d D:/STM32CubeIDE_1.16.0/STM32CubeIDE/plugins/com.st.stm32cube.ide.mcu.externaltools.gnu-tools-for-stm32.12.3.rel1.win32_1.0.200.202406191623/tools/bin/../lib/gcc/arm-none-eabi/12.3.1/../../../../arm-none-eabi/lib/thumb/v7-m/nofp\libc_nano.a(libc_a-init.o)
 .ARM.attributes
                0x000003ef       0x2d D:/STM32CubeIDE_1.16.0/STM32CubeIDE/plugins/com.st.stm32cube.ide.mcu.externaltools.gnu-tools-for-stm32.12.3.rel1.win32_1.0.200.202406191623/tools/bin/../lib/gcc/arm-none-eabi/12.3.1/../../../../arm-none-eabi/lib/thumb/v7-m/nofp\libc_nano.a(libc_a-memcpy-stub.o)
 .ARM.attributes
                0x0000041c       0x1d D:/STM32CubeIDE_1.16.0/STM32CubeIDE/plugins/com.st.stm32cube.ide.mcu.externaltools.gnu-tools-for-stm32.12.3.rel1.win32_1.0.200.202406191623/tools/bin/../lib/gcc/arm-none-eabi/12.3.1/thumb/v7-m/nofp/crtn.o
OUTPUT(exercise8_bluepill.elf elf32-littlearm)
LOAD linker stubs
LOAD D:/STM32CubeIDE_1.16.0/STM32CubeIDE/plugins/com.st.stm32cube.ide.mcu.externaltools.gnu-tools-for-stm32.12.3.rel1.win32_1.0.200.202406191623/tools/bin/../lib/gcc/arm-none-eabi/12.3.1/../../../../arm-none-eabi/lib/thumb/v7-m/nofp\libc.a
LOAD D:/STM32CubeIDE_1.16.0/STM32CubeIDE/plugins/com.st.stm32cube.ide.mcu.externaltools.gnu-tools-for-stm32.12.3.rel1.win32_1.0.200.202406191623/tools/bin/../lib/gcc/arm-none-eabi/12.3.1/../../../../arm-none-eabi/lib/thumb/v7-m/nofp\libm.a
LOAD D:/STM32CubeIDE_1.16.0/STM32CubeIDE/plugins/com.st.stm32cube.ide.mcu.externaltools.gnu-tools-for-stm32.12.3.rel1.win32_1.0.200.202406191623/tools/bin/../lib/gcc/arm-none-eabi/12.3.1/thumb/v7-m/nofp\libgcc.a

.debug_info     0x00000000    0x11acf
 .debug_info    0x00000000     0x101a ./Core/Src/main.o
 .debug_info    0x0000101a      0x361 ./Core/Src/stm32f1xx_hal_msp.o
 .debug_info    0x0000137b      0x9a8 ./Core/Src/stm32f1xx_hal_timebase_tim.o
 .debug_info    0x00001d23      0x66a ./Core/Src/stm32f1xx_it.o
 .debug_info    0x0000238d      0x222 ./Core/Src/system_stm32f1xx.o
 .debug_info    0x000025af       0x30 ./Core/Startup/startup_stm32f103c8tx.o
 .debug_info    0x000025df      0x704 ./Drivers/STM32F1xx_HAL_Driver/Src/stm32f1xx_hal.o
 .debug_info    0x00002ce3      0xa87 ./Drivers/STM32F1xx_HAL_Driver/Src/stm32f1xx_hal_cortex.o
 .debug_info    0x0000376a      0x5ab ./Drivers/STM32F1xx_HAL_Driver/Src/stm32f1xx_hal_gpio.o
 .debug_info    0x00003d15      0x7d5 ./Drivers/STM32F1xx_HAL_Driver/Src/stm32f1xx_hal_rcc.o
 .debug_info    0x000044ea     0x2959 ./Drivers/STM32F1xx_HAL_Driver/Src/stm32f1xx_hal_tim.o
 .debug_info    0x00006e43     0x149b ./Drivers/STM32F1xx_HAL_Driver/Src/stm32f1xx_hal_tim_ex.o
 .debug_info    0x000082de     0x39ec ./Middlewares/Third_Party/FreeRTOS/Source/CMSIS_RTOS_V2/cmsis_os2.o
 .debug_info    0x0000bcca      0x2af ./Middlewares/Third_Party/FreeRTOS/Source/list.o
 .debug_info    0x0000bf79     0x1b79 ./Middlewares/Third_Party/FreeRTOS/Source/queue.o
 .debug_info    0x0000daf2     0x21ec ./Middlewares/Third_Party/FreeRTOS/Source/tasks.o
 .debug_info    0x0000fcde     0x1488 ./Middlewares/Third_Party/FreeRTOS/Source/timers.o
 .debug_info    0x00011166      0x494 ./Middlewares/Third_Party/FreeRTOS/Source/portable/GCC/ARM_CM3/port.o
 .debug_info    0x000115fa      0x4d5 ./Middlewares/Third_Party/FreeRTOS/Source/portable/MemMang/heap_4.o

.debug_abbrev   0x00000000     0x2b85
 .debug_abbrev  0x00000000      0x2f4 ./Core/Src/main.o
 .debug_abbrev  0x000002f4      0x11c ./Core/Src/stm32f1xx_hal_msp.o
 .debug_abbrev  0x00000410      0x1f3 ./Core/Src/stm32f1xx_hal_timebase_tim.o
 .debug_abbrev  0x00000603      0x17c ./Core/Src/stm32f1xx_it.o
 .debug_abbrev  0x0000077f      0x13f ./Core/Src/system_stm32f1xx.o
 .debug_abbrev  0x000008be       0x24 ./Core/Startup/startup_stm32f103c8tx.o
 .debug_abbrev  0x000008e2      0x201 ./Drivers/STM32F1xx_HAL_Driver/Src/stm32f1xx_hal.o
 .debug_abbrev  0x00000ae3      0x2f8 ./Drivers/STM32F1xx_HAL_Driver/Src/stm32f1xx_hal_cortex.o
 .debug_abbrev  0x00000ddb      0x1ca ./Drivers/STM32F1xx_HAL_Driver/Src/stm32f1xx_hal_gpio.o
 .debug_abbrev  0x00000fa5      0x2b3 ./Drivers/STM32F1xx_HAL_Driver/Src/stm32f1xx_hal_rcc.o
 .debug_abbrev  0x00001258      0x277 ./Drivers/STM32F1xx_HAL_Driver/Src/stm32f1xx_hal_tim.o
 .debug_abbrev  0x000014cf      0x282 ./Drivers/STM32F1xx_HAL_Driver/Src/stm32f1xx_hal_tim_ex.o
 .debug_abbrev  0x00001751      0x43c ./Middlewares/Third_Party/FreeRTOS/Source/CMSIS_RTOS_V2/cmsis_os2.o
 .debug_abbrev  0x00001b8d       0xf5 ./Middlewares/Third_Party/FreeRTOS/Source/list.o
 .debug_abbrev  0x00001c82      0x3b6 ./Middlewares/Third_Party/FreeRTOS/Source/queue.o
 .debug_abbrev  0x00002038      0x386 ./Middlewares/Third_Party/FreeRTOS/Source/tasks.o
 .debug_abbrev  0x000023be      0x352 ./Middlewares/Third_Party/FreeRTOS/Source/timers.o
 .debug_abbrev  0x00002710      0x258 ./Middlewares/Third_Party/FreeRTOS/Source/portable/GCC/ARM_CM3/port.o
 .debug_abbrev  0x00002968      0x21d ./Middlewares/Third_Party/FreeRTOS/Source/portable/MemMang/heap_4.o

.debug_aranges  0x00000000     0x10e8
 .debug_aranges
                0x00000000       0x70 ./Core/Src/main.o
 .debug_aranges
                0x00000070       0x20 ./Core/Src/stm32f1xx_hal_msp.o
 .debug_aranges
                0x00000090       0x30 ./Core/Src/stm32f1xx_hal_timebase_tim.o
 .debug_aranges
                0x000000c0       0x50 ./Core/Src/stm32f1xx_it.o
 .debug_aranges
                0x00000110       0x28 ./Core/Src/system_stm32f1xx.o
 .debug_aranges
                0x00000138       0x28 ./Core/Startup/startup_stm32f103c8tx.o
 .debug_aranges
                0x00000160       0xe0 ./Drivers/STM32F1xx_HAL_Driver/Src/stm32f1xx_hal.o
 .debug_aranges
                0x00000240      0x100 ./Drivers/STM32F1xx_HAL_Driver/Src/stm32f1xx_hal_cortex.o
 .debug_aranges
                0x00000340       0x58 ./Drivers/STM32F1xx_HAL_Driver/Src/stm32f1xx_hal_gpio.o
 .debug_aranges
                0x00000398       0x90 ./Drivers/STM32F1xx_HAL_Driver/Src/stm32f1xx_hal_rcc.o
 .debug_aranges
                0x00000428      0x3d0 ./Drivers/STM32F1xx_HAL_Driver/Src/stm32f1xx_hal_tim.o
 .debug_aranges
                0x000007f8      0x168 ./Drivers/STM32F1xx_HAL_Driver/Src/stm32f1xx_hal_tim_ex.o
 .debug_aranges
                0x00000960      0x228 ./Middlewares/Third_Party/FreeRTOS/Source/CMSIS_RTOS_V2/cmsis_os2.o
 .debug_aranges
                0x00000b88       0x40 ./Middlewares/Third_Party/FreeRTOS/Source/list.o
 .debug_aranges
                0x00000bc8      0x158 ./Middlewares/Third_Party/FreeRTOS/Source/queue.o
 .debug_aranges
                0x00000d20      0x208 ./Middlewares/Third_Party/FreeRTOS/Source/tasks.o
 .debug_aranges
                0x00000f28       0xf0 ./Middlewares/Third_Party/FreeRTOS/Source/timers.o
 .debug_aranges
                0x00001018       0x78 ./Middlewares/Third_Party/FreeRTOS/Source/portable/GCC/ARM_CM3/port.o
 .debug_aranges
                0x00001090       0x58 ./Middlewares/Third_Party/FreeRTOS/Source/portable/MemMang/heap_4.o

.debug_rnglists
                0x00000000      0xd0f
 .debug_rnglists
                0x00000000       0x51 ./Core/Src/main.o
 .debug_rnglists
                0x00000051       0x13 ./Core/Src/stm32f1xx_hal_msp.o
 .debug_rnglists
                0x00000064       0x20 ./Core/Src/stm32f1xx_hal_timebase_tim.o
 .debug_rnglists
                0x00000084       0x37 ./Core/Src/stm32f1xx_it.o
 .debug_rnglists
                0x000000bb       0x1a ./Core/Src/system_stm32f1xx.o
 .debug_rnglists
                0x000000d5       0x19 ./Core/Startup/startup_stm32f103c8tx.o
 .debug_rnglists
                0x000000ee       0xa3 ./Drivers/STM32F1xx_HAL_Driver/Src/stm32f1xx_hal.o
 .debug_rnglists
                0x00000191       0xbb ./Drivers/STM32F1xx_HAL_Driver/Src/stm32f1xx_hal_cortex.o
 .debug_rnglists
                0x0000024c       0x3f ./Drivers/STM32F1xx_HAL_Driver/Src/stm32f1xx_hal_gpio.o
 .debug_rnglists
                0x0000028b       0x6c ./Drivers/STM32F1xx_HAL_Driver/Src/stm32f1xx_hal_rcc.o
 .debug_rnglists
                0x000002f7      0x31a ./Drivers/STM32F1xx_HAL_Driver/Src/stm32f1xx_hal_tim.o
 .debug_rnglists
                0x00000611      0x125 ./Drivers/STM32F1xx_HAL_Driver/Src/stm32f1xx_hal_tim_ex.o
 .debug_rnglists
                0x00000736      0x1b4 ./Middlewares/Third_Party/FreeRTOS/Source/CMSIS_RTOS_V2/cmsis_os2.o
 .debug_rnglists
                0x000008ea       0x2b ./Middlewares/Third_Party/FreeRTOS/Source/list.o
 .debug_rnglists
                0x00000915      0x109 ./Middlewares/Third_Party/FreeRTOS/Source/queue.o
 .debug_rnglists
                0x00000a1e      0x1a0 ./Middlewares/Third_Party/FreeRTOS/Source/tasks.o
 .debug_rnglists
                0x00000bbe       0xb8 ./Middlewares/Third_Party/FreeRTOS/Source/timers.o
 .debug_rnglists
                0x00000c76       0x57 ./Middlewares/Third_Party/FreeRTOS/Source/portable/GCC/ARM_CM3/port.o
 .debug_rnglists
                0x00000ccd       0x42 ./Middlewares/Third_Party/FreeRTOS/Source/portable/MemMang/heap_4.o

.debug_macro    0x00000000     0x2718
 .debug_macro   0x00000000      0x233 ./Core/Src/main.o
 .debug_macro   0x00000233      0x122 ./Core/Src/main.o
 .debug_macro   0x00000355       0x66 ./Core/Src/main.o
 .debug_macro   0x000003bb       0x74 ./Core/Src/main.o
 .debug_macro   0x0000042f       0xdd ./Core/Src/main.o
 .debug_macro   0x0000050c      0x1a3 ./Core/Src/stm32f1xx_hal_msp.o
 .debug_macro   0x000006af      0x199 ./Core/Src/stm32f1xx_hal_timebase_tim.o
 .debug_macro   0x00000848      0x1ad ./Core/Src/stm32f1xx_it.o
 .debug_macro   0x000009f5      0x199 ./Core/Src/system_stm32f1xx.o
 .debug_macro   0x00000b8e      0x1bd ./Drivers/STM32F1xx_HAL_Driver/Src/stm32f1xx_hal.o
 .debug_macro   0x00000d4b      0x199 ./Drivers/STM32F1xx_HAL_Driver/Src/stm32f1xx_hal_cortex.o
 .debug_macro   0x00000ee4      0x204 ./Drivers/STM32F1xx_HAL_Driver/Src/stm32f1xx_hal_gpio.o
 .debug_macro   0x000010e8      0x1ab ./Drivers/STM32F1xx_HAL_Driver/Src/stm32f1xx_hal_rcc.o
 .debug_macro   0x00001293      0x19a ./Drivers/STM32F1xx_HAL_Driver/Src/stm32f1xx_hal_tim.o
 .debug_macro   0x0000142d      0x199 ./Drivers/STM32F1xx_HAL_Driver/Src/stm32f1xx_hal_tim_ex.o
 .debug_macro   0x000015c6      0x247 ./Middlewares/Third_Party/FreeRTOS/Source/CMSIS_RTOS_V2/cmsis_os2.o
 .debug_macro   0x0000180d       0x10 ./Middlewares/Third_Party/FreeRTOS/Source/CMSIS_RTOS_V2/cmsis_os2.o
 .debug_macro   0x0000181d       0x20 ./Middlewares/Third_Party/FreeRTOS/Source/CMSIS_RTOS_V2/cmsis_os2.o
 .debug_macro   0x0000183d       0x10 ./Middlewares/Third_Party/FreeRTOS/Source/CMSIS_RTOS_V2/cmsis_os2.o
 .debug_macro   0x0000184d       0xb7 ./Middlewares/Third_Party/FreeRTOS/Source/CMSIS_RTOS_V2/cmsis_os2.o
 .debug_macro   0x00001904       0x91 ./Middlewares/Third_Party/FreeRTOS/Source/CMSIS_RTOS_V2/cmsis_os2.o
 .debug_macro   0x00001995       0x8d ./Middlewares/Third_Party/FreeRTOS/Source/CMSIS_RTOS_V2/cmsis_os2.o
 .debug_macro   0x00001a22       0x9a ./Middlewares/Third_Party/FreeRTOS/Source/CMSIS_RTOS_V2/cmsis_os2.o
 .debug_macro   0x00001abc      0x187 ./Middlewares/Third_Party/FreeRTOS/Source/list.o
 .debug_macro   0x00001c43      0x216 ./Middlewares/Third_Party/FreeRTOS/Source/queue.o
 .debug_macro   0x00001e59       0x16 ./Middlewares/Third_Party/FreeRTOS/Source/queue.o
 .debug_macro   0x00001e6f       0x87 ./Middlewares/Third_Party/FreeRTOS/Source/queue.o
 .debug_macro   0x00001ef6      0x27f ./Middlewares/Third_Party/FreeRTOS/Source/tasks.o
 .debug_macro   0x00002175       0x10 ./Middlewares/Third_Party/FreeRTOS/Source/tasks.o
 .debug_macro   0x00002185      0x1dc ./Middlewares/Third_Party/FreeRTOS/Source/timers.o
 .debug_macro   0x00002361       0x97 ./Middlewares/Third_Party/FreeRTOS/Source/timers.o
 .debug_macro   0x000023f8      0x172 ./Middlewares/Third_Party/FreeRTOS/Source/portable/GCC/ARM_CM3/port.o
 .debug_macro   0x0000256a      0x1ae ./Middlewares/Third_Party/FreeRTOS/Source/portable/MemMang/heap_4.o

.debug_line     0x00000000    0x12382
 .debug_line    0x00000000      0xa5f ./Core/Src/main.o
 .debug_line    0x00000a5f      0x6e3 ./Core/Src/stm32f1xx_hal_msp.o
 .debug_line    0x00001142      0x75d ./Core/Src/stm32f1xx_hal_timebase_tim.o
 .debug_line    0x0000189f      0x77d ./Core/Src/stm32f1xx_it.o
 .debug_line    0x0000201c      0x75f ./Core/Src/system_stm32f1xx.o
 .debug_line    0x0000277b       0x78 ./Core/Startup/startup_stm32f103c8tx.o
 .debug_line    0x000027f3      0x98c ./Drivers/STM32F1xx_HAL_Driver/Src/stm32f1xx_hal.o
 .debug_line    0x0000317f      0xb78 ./Drivers/STM32F1xx_HAL_Driver/Src/stm32f1xx_hal_cortex.o
 .debug_line    0x00003cf7      0xa25 ./Drivers/STM32F1xx_HAL_Driver/Src/stm32f1xx_hal_gpio.o
 .debug_line    0x0000471c      0xd95 ./Drivers/STM32F1xx_HAL_Driver/Src/stm32f1xx_hal_rcc.o
 .debug_line    0x000054b1     0x34b1 ./Drivers/STM32F1xx_HAL_Driver/Src/stm32f1xx_hal_tim.o
 .debug_line    0x00008962     0x18db ./Drivers/STM32F1xx_HAL_Driver/Src/stm32f1xx_hal_tim_ex.o
 .debug_line    0x0000a23d     0x24c1 ./Middlewares/Third_Party/FreeRTOS/Source/CMSIS_RTOS_V2/cmsis_os2.o
 .debug_line    0x0000c6fe      0x786 ./Middlewares/Third_Party/FreeRTOS/Source/list.o
 .debug_line    0x0000ce84     0x1750 ./Middlewares/Third_Party/FreeRTOS/Source/queue.o
 .debug_line    0x0000e5d4     0x1e22 ./Middlewares/Third_Party/FreeRTOS/Source/tasks.o
 .debug_line    0x000103f6      0xe0e ./Middlewares/Third_Party/FreeRTOS/Source/timers.o
 .debug_line    0x00011204      0x7ce ./Middlewares/Third_Party/FreeRTOS/Source/portable/GCC/ARM_CM3/port.o
 .debug_line    0x000119d2      0x9b0 ./Middlewares/Third_Party/FreeRTOS/Source/portable/MemMang/heap_4.o

.debug_str      0x00000000    0x918be
 .debug_str     0x00000000    0x86ceb ./Core/Src/main.o
                              0x87134 (size before relaxing)
 .debug_str     0x00086ceb      0x2dd ./Core/Src/stm32f1xx_hal_msp.o
                              0x81da2 (size before relaxing)
 .debug_str     0x00086fc8      0x11a ./Core/Src/stm32f1xx_hal_timebase_tim.o
                              0x823a1 (size before relaxing)
 .debug_str     0x000870e2       0xb5 ./Core/Src/stm32f1xx_it.o
                              0x81f7d (size before relaxing)
 .debug_str     0x00087197       0x7e ./Core/Src/system_stm32f1xx.o
                              0x81ad9 (size before relaxing)
 .debug_str     0x00087215       0x44 ./Core/Startup/startup_stm32f103c8tx.o
                                 0x8a (size before relaxing)
 .debug_str     0x00087259      0x340 ./Drivers/STM32F1xx_HAL_Driver/Src/stm32f1xx_hal.o
                              0x8220c (size before relaxing)
 .debug_str     0x00087599      0x29f ./Drivers/STM32F1xx_HAL_Driver/Src/stm32f1xx_hal_cortex.o
                              0x82158 (size before relaxing)
 .debug_str     0x00087838      0x2e3 ./Drivers/STM32F1xx_HAL_Driver/Src/stm32f1xx_hal_gpio.o
                              0x81e5f (size before relaxing)
 .debug_str     0x00087b1b      0x1f3 ./Drivers/STM32F1xx_HAL_Driver/Src/stm32f1xx_hal_rcc.o
                              0x81f08 (size before relaxing)
 .debug_str     0x00087d0e      0xe79 ./Drivers/STM32F1xx_HAL_Driver/Src/stm32f1xx_hal_tim.o
                              0x82f0a (size before relaxing)
 .debug_str     0x00088b87      0x503 ./Drivers/STM32F1xx_HAL_Driver/Src/stm32f1xx_hal_tim_ex.o
                              0x82716 (size before relaxing)
 .debug_str     0x0008908a     0x5ddc ./Middlewares/Third_Party/FreeRTOS/Source/CMSIS_RTOS_V2/cmsis_os2.o
                               0xe9fb (size before relaxing)
 .debug_str     0x0008ee66      0x20f ./Middlewares/Third_Party/FreeRTOS/Source/list.o
                               0xa9ba (size before relaxing)
 .debug_str     0x0008f075      0x8a5 ./Middlewares/Third_Party/FreeRTOS/Source/queue.o
                               0xc4fa (size before relaxing)
 .debug_str     0x0008f91a     0x1063 ./Middlewares/Third_Party/FreeRTOS/Source/tasks.o
                               0xcfb7 (size before relaxing)
 .debug_str     0x0009097d      0x5af ./Middlewares/Third_Party/FreeRTOS/Source/timers.o
                               0xca2c (size before relaxing)
 .debug_str     0x00090f2c      0x66e ./Middlewares/Third_Party/FreeRTOS/Source/portable/GCC/ARM_CM3/port.o
                               0x84ff (size before relaxing)
 .debug_str     0x0009159a      0x324 ./Middlewares/Third_Party/FreeRTOS/Source/portable/MemMang/heap_4.o
                               0xb2fc (size before relaxing)

.comment        0x00000000       0x43
 .comment       0x00000000       0x43 ./Core/Src/main.o
                                 0x44 (size before relaxing)
 .comment       0x00000043       0x44 ./Core/Src/stm32f1xx_hal_msp.o
 .comment       0x00000043       0x44 ./Core/Src/stm32f1xx_hal_timebase_tim.o
 .comment       0x00000043       0x44 ./Core/Src/stm32f1xx_it.o
 .comment       0x00000043       0x44 ./Core/Src/system_stm32f1xx.o
 .comment       0x00000043       0x44 ./Drivers/STM32F1xx_HAL_Driver/Src/stm32f1xx_hal.o
 .comment       0x00000043       0x44 ./Drivers/STM32F1xx_HAL_Driver/Src/stm32f1xx_hal_cortex.o
 .comment       0x00000043       0x44 ./Drivers/STM32F1xx_HAL_Driver/Src/stm32f1xx_hal_gpio.o
 .comment       0x00000043       0x44 ./Drivers/STM32F1xx_HAL_Driver/Src/stm32f1xx_hal_rcc.o
 .comment       0x00000043       0x44 ./Drivers/STM32F1xx_HAL_Driver/Src/stm32f1xx_hal_tim.o
 .comment       0x00000043       0x44 ./Drivers/STM32F1xx_HAL_Driver/Src/stm32f1xx_hal_tim_ex.o
 .comment       0x00000043       0x44 ./Middlewares/Third_Party/FreeRTOS/Source/CMSIS_RTOS_V2/cmsis_os2.o
 .comment       0x00000043       0x44 ./Middlewares/Third_Party/FreeRTOS/Source/list.o
 .comment       0x00000043       0x44 ./Middlewares/Third_Party/FreeRTOS/Source/queue.o
 .comment       0x00000043       0x44 ./Middlewares/Third_Party/FreeRTOS/Source/tasks.o
 .comment       0x00000043       0x44 ./Middlewares/Third_Party/FreeRTOS/Source/timers.o
 .comment       0x00000043       0x44 ./Middlewares/Third_Party/FreeRTOS/Source/portable/GCC/ARM_CM3/port.o
 .comment       0x00000043       0x44 ./Middlewares/Third_Party/FreeRTOS/Source/portable/MemMang/heap_4.o

.debug_frame    0x00000000     0x4654
 .debug_frame   0x00000000      0x174 ./Core/Src/main.o
 .debug_frame   0x00000174       0x34 ./Core/Src/stm32f1xx_hal_msp.o
 .debug_frame   0x000001a8       0x74 ./Core/Src/stm32f1xx_hal_timebase_tim.o
 .debug_frame   0x0000021c       0xc4 ./Core/Src/stm32f1xx_it.o
 .debug_frame   0x000002e0       0x58 ./Core/Src/system_stm32f1xx.o
 .debug_frame   0x00000338      0x334 ./Drivers/STM32F1xx_HAL_Driver/Src/stm32f1xx_hal.o
 .debug_frame   0x0000066c      0x428 ./Drivers/STM32F1xx_HAL_Driver/Src/stm32f1xx_hal_cortex.o
 .debug_frame   0x00000a94      0x14c ./Drivers/STM32F1xx_HAL_Driver/Src/stm32f1xx_hal_gpio.o
 .debug_frame   0x00000be0      0x218 ./Drivers/STM32F1xx_HAL_Driver/Src/stm32f1xx_hal_rcc.o
 .debug_frame   0x00000df8     0x11b8 ./Drivers/STM32F1xx_HAL_Driver/Src/stm32f1xx_hal_tim.o
 .debug_frame   0x00001fb0      0x638 ./Drivers/STM32F1xx_HAL_Driver/Src/stm32f1xx_hal_tim_ex.o
 .debug_frame   0x000025e8      0x980 ./Middlewares/Third_Party/FreeRTOS/Source/CMSIS_RTOS_V2/cmsis_os2.o
 .debug_frame   0x00002f68       0xd8 ./Middlewares/Third_Party/FreeRTOS/Source/list.o
 .debug_frame   0x00003040      0x5ec ./Middlewares/Third_Party/FreeRTOS/Source/queue.o
 .debug_frame   0x0000362c      0x8f0 ./Middlewares/Third_Party/FreeRTOS/Source/tasks.o
 .debug_frame   0x00003f1c      0x400 ./Middlewares/Third_Party/FreeRTOS/Source/timers.o
 .debug_frame   0x0000431c      0x198 ./Middlewares/Third_Party/FreeRTOS/Source/portable/GCC/ARM_CM3/port.o
 .debug_frame   0x000044b4      0x12c ./Middlewares/Third_Party/FreeRTOS/Source/portable/MemMang/heap_4.o
 .debug_frame   0x000045e0       0x20 D:/STM32CubeIDE_1.16.0/STM32CubeIDE/plugins/com.st.stm32cube.ide.mcu.externaltools.gnu-tools-for-stm32.12.3.rel1.win32_1.0.200.202406191623/tools/bin/../lib/gcc/arm-none-eabi/12.3.1/../../../../arm-none-eabi/lib/thumb/v7-m/nofp\libc_nano.a(libc_a-memset.o)
 .debug_frame   0x00004600       0x2c D:/STM32CubeIDE_1.16.0/STM32CubeIDE/plugins/com.st.stm32cube.ide.mcu.externaltools.gnu-tools-for-stm32.12.3.rel1.win32_1.0.200.202406191623/tools/bin/../lib/gcc/arm-none-eabi/12.3.1/../../../../arm-none-eabi/lib/thumb/v7-m/nofp\libc_nano.a(libc_a-init.o)
 .debug_frame   0x0000462c       0x28 D:/STM32CubeIDE_1.16.0/STM32CubeIDE/plugins/com.st.stm32cube.ide.mcu.externaltools.gnu-tools-for-stm32.12.3.rel1.win32_1.0.200.202406191623/tools/bin/../lib/gcc/arm-none-eabi/12.3.1/../../../../arm-none-eabi/lib/thumb/v7-m/nofp\libc_nano.a(libc_a-memcpy-stub.o)

.debug_line_str
                0x00000000       0x6e
 .debug_line_str
                0x00000000       0x6e ./Core/Startup/startup_stm32f103c8tx.o
