../Core/Src/main.c:105:5:main	8	static
../Core/Src/main.c:201:6:SystemClock_Config	72	static
../Core/Src/main.c:238:13:MX_GPIO_Init	32	static
../Core/Src/main.c:262:6:AccessSharedData	8	static
../Core/Src/main.c:282:6:SimulateReadWriteOperation	16	static,ignoring_inline_asm
../Core/Src/main.c:300:6:StartDefaultTask	16	static
../Core/Src/main.c:318:6:GreenLedTask	16	static
../Core/Src/main.c:351:6:RedLedTask	16	static
../Core/Src/main.c:384:6:OrangeLedTask	16	static
../Core/Src/main.c:400:6:Error_Handler	4	static,ignoring_inline_asm
